
> cognivox@0.1.0 check
> svelte-kit sync && svelte-check --tsconfig ./tsconfig.json

Loading svelte-check in workspace: c:\Users\omen\Desktop\Cognivox
Getting Svelte diagnostics...

c:\Users\omen\Desktop\Cognivox\[32msrc\lib\AnalyticsTab.svelte[39m:37:17
[33mWarn[39m: Buttons and links should either contain text or have an `aria-label`, `aria-labelledby` or `title` attribute
https://svelte.dev/e/a11y_consider_explicit_label (svelte)
[36m            <div class="flex items-center gap-4">
                [35m<button class="text-gray-400 hover:text-gray-600">
                    <svg width="20" height="20" viewBox="0 0 24 24" fill="currentColor"><path d="M12 22c1.1 0 2-.9 2-2h-4c0 1.1.9 2 2 2zm6-6v-5c0-3.07-1.63-5.64-4.5-6.32V4c0-.83-.67-1.5-1.5-1.5s-1.5.67-1.5 1.5v.68C7.64 5.36 6 7.92 6 11v5l-2 2v1h16v-1l-2-2zm-2 1H8v-6c0-2.48 1.51-4.5 4-4.5s4 2.02 4 4.5v6z"/></svg>
                </button>[36m
                <button class="bg-[#0b66ff] hover:bg-blue-600 text-white text-[12px] font-bold px-4 py-2 rounded-lg shadow-sm shadow-blue-500/30 flex items-center gap-2 transition-all">[39m

c:\Users\omen\Desktop\Cognivox\[32msrc\lib\AnalyticsTab.svelte[39m:6:16
[33mWarn[39m: Component has unused export property 'transcripts'. If it is for external reference only, please consider using `export const transcripts`
https://svelte.dev/e/export_let_unused (svelte)
[36m
    export let [35mtranscripts: any[][36m = [];
    export let graphNodes: any[] = [];[39m

c:\Users\omen\Desktop\Cognivox\[32msrc\lib\AnalyticsTab.svelte[39m:7:16
[33mWarn[39m: Component has unused export property 'graphNodes'. If it is for external reference only, please consider using `export const graphNodes`
https://svelte.dev/e/export_let_unused (svelte)
[36m    export let transcripts: any[] = [];
    export let [35mgraphNodes: any[][36m = [];
    export let latencyMs: number = 0;[39m

c:\Users\omen\Desktop\Cognivox\[32msrc\lib\AnalyticsTab.svelte[39m:8:16
[33mWarn[39m: Component has unused export property 'latencyMs'. If it is for external reference only, please consider using `export const latencyMs`
https://svelte.dev/e/export_let_unused (svelte)
[36m    export let graphNodes: any[] = [];
    export let [35mlatencyMs: number[36m = 0;
    export let isGeminiConnected: boolean = false;[39m

c:\Users\omen\Desktop\Cognivox\[32msrc\lib\AnalyticsTab.svelte[39m:9:16
[33mWarn[39m: Component has unused export property 'isGeminiConnected'. If it is for external reference only, please consider using `export const isGeminiConnected`
https://svelte.dev/e/export_let_unused (svelte)
[36m    export let latencyMs: number = 0;
    export let [35misGeminiConnected: boolean[36m = false;
    export let isRecording: boolean = false;[39m

c:\Users\omen\Desktop\Cognivox\[32msrc\lib\AnalyticsTab.svelte[39m:10:16
[33mWarn[39m: Component has unused export property 'isRecording'. If it is for external reference only, please consider using `export const isRecording`
https://svelte.dev/e/export_let_unused (svelte)
[36m    export let isGeminiConnected: boolean = false;
    export let [35misRecording: boolean[36m = false;[39m

c:\Users\omen\Desktop\Cognivox\[32msrc\lib\DecisionLedger.svelte[39m:107:25
[33mWarn[39m: Buttons and links should either contain text or have an `aria-label`, `aria-labelledby` or `title` attribute
https://svelte.dev/e/a11y_consider_explicit_label (svelte)
[36m                        <!-- 3-dot Menu (absolute top right of card) -->
                        [35m<button class="absolute top-6 right-5 text-gray-300 hover:text-gray-500 transition-colors">
                            <svg width="16" height="16" viewBox="0 0 24 24" fill="none" stroke="currentColor" stroke-width="2.5"><circle cx="12" cy="5" r="1.5"/><circle cx="12" cy="12" r="1.5"/><circle cx="12" cy="19" r="1.5"/></svg>
                        </button>[36m[39m

c:\Users\omen\Desktop\Cognivox\[32msrc\lib\DecisionLedger.svelte[39m:156:20
[33mWarn[39m: '#' is not a valid href attribute
https://svelte.dev/e/a11y_invalid_attribute (svelte)
[36m            <div class="flex items-center gap-5">
                <a [35mhref="#"[36m class="hover:text-gray-600 transition-colors">Data Security</a>
                <a href="#" class="hover:text-gray-600 transition-colors">Privacy Policy</a>[39m

c:\Users\omen\Desktop\Cognivox\[32msrc\lib\DecisionLedger.svelte[39m:157:20
[33mWarn[39m: '#' is not a valid href attribute
https://svelte.dev/e/a11y_invalid_attribute (svelte)
[36m                <a href="#" class="hover:text-gray-600 transition-colors">Data Security</a>
                <a [35mhref="#"[36m class="hover:text-gray-600 transition-colors">Privacy Policy</a>
                <a href="#" class="hover:text-gray-600 transition-colors">Export Data</a>[39m

c:\Users\omen\Desktop\Cognivox\[32msrc\lib\DecisionLedger.svelte[39m:158:20
[33mWarn[39m: '#' is not a valid href attribute
https://svelte.dev/e/a11y_invalid_attribute (svelte)
[36m                <a href="#" class="hover:text-gray-600 transition-colors">Privacy Policy</a>
                <a [35mhref="#"[36m class="hover:text-gray-600 transition-colors">Export Data</a>
                <span class="text-gray-300">┬⌐ 2023 Cognivox Systems</span>[39m

c:\Users\omen\Desktop\Cognivox\[32msrc\lib\KnowledgeGraph.svelte[39m:772:13
[33mWarn[39m: Non-interactive element `<svg>` should not be assigned mouse or keyboard event listeners
https://svelte.dev/e/a11y_no_noninteractive_element_interactions (svelte)
[36m        <div class="flex-1 relative overflow-hidden">
            [35m<svg
                bind:this={svgElement}
                class="w-full h-full touch-none"
                viewBox="0 0 {containerWidth} {containerHeight}"
                onmousedown={handleBackgroundMouseDown}
                role="application"
                aria-label="Knowledge graph visualization - fullscreen"
            >
                <defs>
                    <pattern id="dotGrid" width="16" height="16" patternUnits="userSpaceOnUse"><circle cx="2" cy="2" r="1.5" fill="var(--kg-dot-color)"/></pattern>
                    <filter
                        id="glow"
                        x="-50%"
                        y="-50%"
                        width="200%"
                        height="200%"
                    >
                        <feGaussianBlur stdDeviation="3" result="coloredBlur" />
                        <feMerge
                            ><feMergeNode in="coloredBlur" /><feMergeNode
                                in="SourceGraphic"
                            /></feMerge
                        >
                    </filter>
                    <linearGradient
                        id="edgeGradient"
                        x1="0%"
                        y1="0%"
                        x2="100%"
                        y2="0%"
                    >
                        <stop
                            offset="0%"
                            style="stop-color:#3B82F6;stop-opacity:0.1"
                        />
                        <stop
                            offset="50%"
                            style="stop-color:#3B82F6;stop-opacity:0.4"
                        />
                        <stop
                            offset="100%"
                            style="stop-color:#3B82F6;stop-opacity:0.1"
                        />
                    </linearGradient>
                    <marker
                        id="arrowhead"
                        markerWidth="10"
                        markerHeight="10"
                        refX="9"
                        refY="3"
                        orient="auto"
                    >
                        <polygon
                            points="0 0, 10 3, 0 6"
                            fill="#3B82F6"
                            opacity="0.5"
                        />
                    </marker>
                </defs>
                <rect width="100%" height="100%" fill="url(#dotGrid)" pointer-events="none" />
                <g transform="translate({panX}, {panY}) scale({zoomLevel})">
                    <g class="edges">
                        {#each edges as edge}
                            {@const from = positions.get(edge.from)}
                            {@const to = positions.get(edge.to)}
                            {#if from && to}
                                {@const dx = to.x - from.x}
                                {@const dy = to.y - from.y}
                                {@const dist = Math.sqrt(dx * dx + dy * dy)}
                                {@const nodeRadius = 28}
                                {@const startX =
                                    from.x +
                                    (dx / Math.max(dist, 1)) * nodeRadius}
                                {@const startY =
                                    from.y +
                                    (dy / Math.max(dist, 1)) * nodeRadius}
                                {@const endX =
                                    to.x -
                                    (dx / Math.max(dist, 1)) * nodeRadius}
                                {@const endY =
                                    to.y -
                                    (dy / Math.max(dist, 1)) * nodeRadius}
                                {@const midX = (startX + endX) / 2}
                                {@const midY = (startY + endY) / 2}
                                <line
                                    x1={startX}
                                    y1={startY}
                                    x2={endX}
                                    y2={endY}
                                    stroke="#3B82F6"
                                    stroke-opacity="0.5"
                                    stroke-width="1"
                                    marker-end="url(#arrowhead)"
                                />
                                <rect
                                    x={midX - edge.relation.length * 3.2}
                                    y={midY - 8}
                                    width={edge.relation.length * 6.4}
                                    height={14}
                                    fill="#FFFFFF"
                                    fill-opacity="0.85"
                                    rx="3"
                                />
                                <text
                                    x={midX}
                                    y={midY + 3}
                                    fill="#3B82F6"
                                    font-size="10"
                                    opacity="0.8"
                                    text-anchor="middle"
                                    class="font-sans">{edge.relation}</text
                                >
                            {/if}
                        {/each}
                    </g>
                    <g class="nodes">
                        {#each nodes as node}
                            {@const pos = positions.get(node.id)}
                            {#if pos}
                                {@const color = getNodeColor(
                                    node.type,
                                    node.collapsed,
                                )}
                                {@const isCluster = node.collapsed}
                                {@const nodeR = isCluster ? 36 : 28}
                                <g
                                    transform="translate({pos.x}, {pos.y})"
                                    class="cursor-grab transition-transform {draggedNode ===
                                    node.id
                                        ? 'cursor-grabbing'
                                        : 'hover:scale-110'}"
                                    onmousedown={(e) =>
                                        handleMouseDown(e, node.id)}
                                    onclick={() => handleNodeClick(node.id)}
                                    role="button"
                                    tabindex="0"
                                >
                                    {#if highlightedNodes.has(node.id)}
                                        <!-- [PRIORITY 1] Search highlight ring -->
                                        <circle
                                            r={nodeR + 12}
                                            fill="none"
                                            stroke="#F59E0B"
                                            stroke-width="2"
                                            stroke-opacity="0.9"
                                        />
                                        <circle
                                            r={nodeR + 17}
                                            fill="none"
                                            stroke="#F59E0B"
                                            stroke-width="1"
                                            stroke-opacity="0.35"
                                            class="animate-pulse"
                                        />
                                    {/if}
                                    <circle
                                        r={nodeR + 6}
                                        fill="none"
                                        stroke={highlightedNodes.has(node.id) ? "#F59E0B" : color}
                                        stroke-width={isCluster ? 2 : 1}
                                        stroke-opacity={draggedNode === node.id
                                            ? 0.5
                                            : highlightedNodes.has(node.id) ? 0.7 : 0.2}
                                        stroke-dasharray={isCluster ? "4 3" : "none"}
                                        class={draggedNode === node.id ? "" : "animate-pulse"}
                                    />
                                    <circle
                                        r={nodeR}
                                        fill="var(--kg-node-fill)"
                                        stroke={highlightedNodes.has(node.id) ? "#F59E0B" : color}
                                        stroke-width="var(--kg-node-stroke-width)"
                                        filter={draggedNode === node.id ? "url(#glow)" : ""}
                                    />
                                    
                                    <text
                                        text-anchor="middle"
                                        dy={isCluster ? "-2" : "4"}
                                        fill={color}
                                        font-size="11"
                                        font-weight="600"
                                        class="font-sans pointer-events-none select-none"
                                        >{(node.label || node.id).slice(
                                            0,
                                            12,
                                        )}</text
                                    >
                                    {#if isCluster && node.childCount}
                                        <text
                                            text-anchor="middle"
                                            dy="12"
                                            fill={color}
                                            font-size="9"
                                            opacity="0.7"
                                            class="font-sans pointer-events-none select-none"
                                            >+{node.childCount} nodes</text
                                        >
                                    {/if}
                                    <text
                                        text-anchor="middle"
                                        dy={isCluster ? "36" : "32"}
                                        fill="#64748b"
                                        font-size="8"
                                        class="font-sans pointer-events-none select-none"
                                        >{isCluster
                                            ? "Cluster"
                                            : node.type}</text
                                    >
                                    {#if node.weight && node.weight > 1}
                                        <circle
                                            cx="18"
                                            cy="-18"
                                            r="8"
                                            fill="#3B82F6"
                                            fill-opacity="0.3"
                                            stroke="#3B82F6"
                                            stroke-width="1"
                                        />
                                        <text
                                            x="18"
                                            y="-14"
                                            text-anchor="middle"
                                            fill="#3B82F6"
                                            font-size="9"
                                            font-weight="bold"
                                            class="pointer-events-none select-none"
                                            >{node.weight}</text
                                        >
                                    {/if}
                                </g>
                            {/if}
                        {/each}
                    </g>
                </g>
            </svg>[36m
            <!-- Selected node info panel -->[39m

c:\Users\omen\Desktop\Cognivox\[32msrc\lib\KnowledgeGraph.svelte[39m:897:33
[33mWarn[39m: Visible, non-interactive elements with a click event must be accompanied by a keyboard event handler. Consider whether an interactive element such as `<button type="button">` or `<a>` might be more appropriate
https://svelte.dev/e/a11y_click_events_have_key_events (svelte)
[36m                                {@const nodeR = isCluster ? 36 : 28}
                                [35m<g
                                    transform="translate({pos.x}, {pos.y})"
                                    class="cursor-grab transition-transform {draggedNode ===
                                    node.id
                                        ? 'cursor-grabbing'
                                        : 'hover:scale-110'}"
                                    onmousedown={(e) =>
                                        handleMouseDown(e, node.id)}
                                    onclick={() => handleNodeClick(node.id)}
                                    role="button"
                                    tabindex="0"
                                >
                                    {#if highlightedNodes.has(node.id)}
                                        <!-- [PRIORITY 1] Search highlight ring -->
                                        <circle
                                            r={nodeR + 12}
                                            fill="none"
                                            stroke="#F59E0B"
                                            stroke-width="2"
                                            stroke-opacity="0.9"
                                        />
                                        <circle
                                            r={nodeR + 17}
                                            fill="none"
                                            stroke="#F59E0B"
                                            stroke-width="1"
                                            stroke-opacity="0.35"
                                            class="animate-pulse"
                                        />
                                    {/if}
                                    <circle
                                        r={nodeR + 6}
                                        fill="none"
                                        stroke={highlightedNodes.has(node.id) ? "#F59E0B" : color}
                                        stroke-width={isCluster ? 2 : 1}
                                        stroke-opacity={draggedNode === node.id
                                            ? 0.5
                                            : highlightedNodes.has(node.id) ? 0.7 : 0.2}
                                        stroke-dasharray={isCluster ? "4 3" : "none"}
                                        class={draggedNode === node.id ? "" : "animate-pulse"}
                                    />
                                    <circle
                                        r={nodeR}
                                        fill="var(--kg-node-fill)"
                                        stroke={highlightedNodes.has(node.id) ? "#F59E0B" : color}
                                        stroke-width="var(--kg-node-stroke-width)"
                                        filter={draggedNode === node.id ? "url(#glow)" : ""}
                                    />
                                    
                                    <text
                                        text-anchor="middle"
                                        dy={isCluster ? "-2" : "4"}
                                        fill={color}
                                        font-size="11"
                                        font-weight="600"
                                        class="font-sans pointer-events-none select-none"
                                        >{(node.label || node.id).slice(
                                            0,
                                            12,
                                        )}</text
                                    >
                                    {#if isCluster && node.childCount}
                                        <text
                                            text-anchor="middle"
                                            dy="12"
                                            fill={color}
                                            font-size="9"
                                            opacity="0.7"
                                            class="font-sans pointer-events-none select-none"
                                            >+{node.childCount} nodes</text
                                        >
                                    {/if}
                                    <text
                                        text-anchor="middle"
                                        dy={isCluster ? "36" : "32"}
                                        fill="#64748b"
                                        font-size="8"
                                        class="font-sans pointer-events-none select-none"
                                        >{isCluster
                                            ? "Cluster"
                                            : node.type}</text
                                    >
                                    {#if node.weight && node.weight > 1}
                                        <circle
                                            cx="18"
                                            cy="-18"
                                            r="8"
                                            fill="#3B82F6"
                                            fill-opacity="0.3"
                                            stroke="#3B82F6"
                                            stroke-width="1"
                                        />
                                        <text
                                            x="18"
                                            y="-14"
                                            text-anchor="middle"
                                            fill="#3B82F6"
                                            font-size="9"
                                            font-weight="bold"
                                            class="pointer-events-none select-none"
                                            >{node.weight}</text
                                        >
                                    {/if}
                                </g>[36m
                            {/if}[39m

c:\Users\omen\Desktop\Cognivox\[32msrc\lib\KnowledgeGraph.svelte[39m:1290:9
[33mWarn[39m: Non-interactive element `<svg>` should not be assigned mouse or keyboard event listeners
https://svelte.dev/e/a11y_no_noninteractive_element_interactions (svelte)
[36m    {:else}
        [35m<svg
            bind:this={svgElement}
            class="w-full h-full touch-none"
            viewBox="0 0 {containerWidth} {containerHeight}"
            onmousedown={handleBackgroundMouseDown}
            role="application"
            aria-label="Knowledge graph visualization"
        >
            <defs>
                    <pattern id="dotGrid" width="16" height="16" patternUnits="userSpaceOnUse"><circle cx="2" cy="2" r="1.5" fill="var(--kg-dot-color)"/></pattern>
                <filter id="glow" x="-50%" y="-50%" width="200%" height="200%">
                    <feGaussianBlur stdDeviation="3" result="coloredBlur" />
                    <feMerge>
                        <feMergeNode in="coloredBlur" />
                        <feMergeNode in="SourceGraphic" />
                    </feMerge>
                </filter>
                <linearGradient
                    id="edgeGradient"
                    x1="0%"
                    y1="0%"
                    x2="100%"
                    y2="0%"
                >
                    <stop
                        offset="0%"
                        style="stop-color:#3B82F6;stop-opacity:0.1"
                    />
                    <stop
                        offset="50%"
                        style="stop-color:#3B82F6;stop-opacity:0.4"
                    />
                    <stop
                        offset="100%"
                        style="stop-color:#3B82F6;stop-opacity:0.1"
                    />
                </linearGradient>
                <marker
                    id="arrowhead"
                    markerWidth="10"
                    markerHeight="10"
                    refX="9"
                    refY="3"
                    orient="auto"
                >
                    <polygon
                        points="0 0, 10 3, 0 6"
                        fill="#3B82F6"
                        opacity="0.5"
                    />
                </marker>
            </defs>
                <rect width="100%" height="100%" fill="url(#dotGrid)" pointer-events="none" />

            <g transform="translate({panX}, {panY}) scale({zoomLevel})">
                <!-- Edges -->
                <g class="edges">
                    {#each edges as edge}
                        {@const from = positions.get(edge.from)}
                        {@const to = positions.get(edge.to)}
                        {#if from && to}
                            {@const dx = to.x - from.x}
                            {@const dy = to.y - from.y}
                            {@const dist = Math.sqrt(dx * dx + dy * dy)}
                            {@const nodeRadius = 28}
                            {@const startX =
                                from.x + (dx / Math.max(dist, 1)) * nodeRadius}
                            {@const startY =
                                from.y + (dy / Math.max(dist, 1)) * nodeRadius}
                            {@const endX =
                                to.x - (dx / Math.max(dist, 1)) * nodeRadius}
                            {@const endY =
                                to.y - (dy / Math.max(dist, 1)) * nodeRadius}
                            {@const midX = (startX + endX) / 2}
                            {@const midY = (startY + endY) / 2}
                            <line
                                x1={startX}
                                y1={startY}
                                x2={endX}
                                y2={endY}
                                stroke="#3B82F6"
                                stroke-opacity="0.5"
                                stroke-width="1"
                                marker-end="url(#arrowhead)"
                            />
                            <rect
                                x={midX - edge.relation.length * 3.2}
                                y={midY - 8}
                                width={edge.relation.length * 6.4}
                                height={14}
                                fill="#FFFFFF"
                                fill-opacity="0.85"
                                rx="3"
                            />
                            <text
                                x={midX}
                                y={midY + 3}
                                fill="#3B82F6"
                                font-size="10"
                                opacity="0.8"
                                text-anchor="middle"
                                class="font-sans">{edge.relation}</text
                            >
                        {/if}
                    {/each}
                </g>

                <!-- Nodes -->
                <g class="nodes">
                    {#each nodes as node}
                        {@const pos = positions.get(node.id)}
                        {#if pos}
                            {@const color = getNodeColor(
                                node.type,
                                node.collapsed,
                            )}
                            {@const isCluster = node.collapsed}
                            {@const nodeR = isCluster ? 36 : 28}
                            <g
                                transform="translate({pos.x}, {pos.y})"
                                class="cursor-grab transition-transform {draggedNode ===
                                node.id
                                    ? 'cursor-grabbing'
                                    : 'hover:scale-110'}"
                                onmousedown={(e) => handleMouseDown(e, node.id)}
                                onclick={() => handleNodeClick(node.id)}
                                role="button"
                                tabindex="0"
                            >
                                <circle
                                    r={nodeR + 6}
                                    fill="none"
                                    stroke={color}
                                    stroke-width={isCluster ? 2 : 1}
                                    stroke-opacity={draggedNode === node.id
                                        ? 0.5
                                        : 0.2}
                                    stroke-dasharray={isCluster
                                        ? "4 3"
                                        : "none"}
                                    class={draggedNode === node.id
                                        ? ""
                                        : "animate-pulse"}
                                />
                                <circle
                                    r={nodeR}
                                    fill={color}
                                    fill-opacity={isCluster
                                        ? 0.2
                                        : draggedNode === node.id
                                          ? 0.25
                                          : 0.1}
                                    stroke={color}
                                    stroke-width={draggedNode === node.id
                                        ? 3
                                        : 2}
                                    filter="url(#glow)"
                                />
                                <circle
                                    r={nodeR - 6}
                                    fill={color}
                                    fill-opacity="0.05"
                                />
                                <text
                                    text-anchor="middle"
                                    dy={isCluster ? "-2" : "4"}
                                    fill={color}
                                    font-size={compact ? "8" : "10"}
                                    font-weight="500"
                                    class="font-sans pointer-events-none select-none"
                                >
                                    {(node.label || node.id).slice(
                                        0,
                                        compact ? 8 : 12,
                                    )}
                                </text>
                                {#if isCluster && node.childCount}
                                    <text
                                        text-anchor="middle"
                                        dy="12"
                                        fill={color}
                                        font-size="9"
                                        opacity="0.7"
                                        class="font-sans pointer-events-none select-none"
                                        >+{node.childCount} nodes</text
                                    >
                                {/if}
                                <text
                                    text-anchor="middle"
                                    dy={isCluster ? "36" : "32"}
                                    fill="#64748b"
                                    font-size="8"
                                    class="font-sans pointer-events-none select-none"
                                    >{isCluster ? "Cluster" : node.type}</text
                                >
                                {#if node.weight && node.weight > 1}
                                    <circle
                                        cx="18"
                                        cy="-18"
                                        r="8"
                                        fill="#3B82F6"
                                        fill-opacity="0.3"
                                        stroke="#3B82F6"
                                        stroke-width="1"
                                    />
                                    <text
                                        x="18"
                                        y="-14"
                                        text-anchor="middle"
                                        fill="#3B82F6"
                                        font-size="9"
                                        font-weight="bold"
                                        class="pointer-events-none select-none"
                                        >{node.weight}</text
                                    >
                                {/if}
                            </g>
                        {/if}
                    {/each}
                </g>
            </g>
        </svg>[36m[39m

c:\Users\omen\Desktop\Cognivox\[32msrc\lib\KnowledgeGraph.svelte[39m:1408:29
[33mWarn[39m: Visible, non-interactive elements with a click event must be accompanied by a keyboard event handler. Consider whether an interactive element such as `<button type="button">` or `<a>` might be more appropriate
https://svelte.dev/e/a11y_click_events_have_key_events (svelte)
[36m                            {@const nodeR = isCluster ? 36 : 28}
                            [35m<g
                                transform="translate({pos.x}, {pos.y})"
                                class="cursor-grab transition-transform {draggedNode ===
                                node.id
                                    ? 'cursor-grabbing'
                                    : 'hover:scale-110'}"
                                onmousedown={(e) => handleMouseDown(e, node.id)}
                                onclick={() => handleNodeClick(node.id)}
                                role="button"
                                tabindex="0"
                            >
                                <circle
                                    r={nodeR + 6}
                                    fill="none"
                                    stroke={color}
                                    stroke-width={isCluster ? 2 : 1}
                                    stroke-opacity={draggedNode === node.id
                                        ? 0.5
                                        : 0.2}
                                    stroke-dasharray={isCluster
                                        ? "4 3"
                                        : "none"}
                                    class={draggedNode === node.id
                                        ? ""
                                        : "animate-pulse"}
                                />
                                <circle
                                    r={nodeR}
                                    fill={color}
                                    fill-opacity={isCluster
                                        ? 0.2
                                        : draggedNode === node.id
                                          ? 0.25
                                          : 0.1}
                                    stroke={color}
                                    stroke-width={draggedNode === node.id
                                        ? 3
                                        : 2}
                                    filter="url(#glow)"
                                />
                                <circle
                                    r={nodeR - 6}
                                    fill={color}
                                    fill-opacity="0.05"
                                />
                                <text
                                    text-anchor="middle"
                                    dy={isCluster ? "-2" : "4"}
                                    fill={color}
                                    font-size={compact ? "8" : "10"}
                                    font-weight="500"
                                    class="font-sans pointer-events-none select-none"
                                >
                                    {(node.label || node.id).slice(
                                        0,
                                        compact ? 8 : 12,
                                    )}
                                </text>
                                {#if isCluster && node.childCount}
                                    <text
                                        text-anchor="middle"
                                        dy="12"
                                        fill={color}
                                        font-size="9"
                                        opacity="0.7"
                                        class="font-sans pointer-events-none select-none"
                                        >+{node.childCount} nodes</text
                                    >
                                {/if}
                                <text
                                    text-anchor="middle"
                                    dy={isCluster ? "36" : "32"}
                                    fill="#64748b"
                                    font-size="8"
                                    class="font-sans pointer-events-none select-none"
                                    >{isCluster ? "Cluster" : node.type}</text
                                >
                                {#if node.weight && node.weight > 1}
                                    <circle
                                        cx="18"
                                        cy="-18"
                                        r="8"
                                        fill="#3B82F6"
                                        fill-opacity="0.3"
                                        stroke="#3B82F6"
                                        stroke-width="1"
                                    />
                                    <text
                                        x="18"
                                        y="-14"
                                        text-anchor="middle"
                                        fill="#3B82F6"
                                        font-size="9"
                                        font-weight="bold"
                                        class="pointer-events-none select-none"
                                        >{node.weight}</text
                                    >
                                {/if}
                            </g>[36m
                        {/if}[39m

c:\Users\omen\Desktop\Cognivox\[32msrc\lib\InsightsPanel.svelte[39m:85:37
[33mWarn[39m: Buttons and links should either contain text or have an `aria-label`, `aria-labelledby` or `title` attribute
https://svelte.dev/e/a11y_consider_explicit_label (svelte)
[36m                                    </span>
                                    [35m<button class="text-gray-300 hover:text-blue-500 opacity-0 group-hover:opacity-100 transition-opacity p-1 -mr-2 -mt-1 rounded-md hover:bg-blue-50">
                                        <svg class="w-3.5 h-3.5" viewBox="0 0 24 24" fill="none" stroke="currentColor" stroke-width="2.5"><circle cx="12" cy="12" r="1.5"/><circle cx="19" cy="12" r="1.5"/><circle cx="5" cy="12" r="1.5"/></svg>
                                    </button>[36m
                                </div>[39m

c:\Users\omen\Desktop\Cognivox\[32msrc\lib\LiveRecordingPanel.svelte[39m:413:21
[33mWarn[39m: Buttons and links should either contain text or have an `aria-label`, `aria-labelledby` or `title` attribute
https://svelte.dev/e/a11y_consider_explicit_label (svelte)
[36m                <div class="absolute bottom-4 right-4 flex flex-col gap-2">
                    [35m<button class="w-8 h-8 bg-white border border-gray-100 rounded-lg shadow-sm flex items-center justify-center text-gray-400 hover:text-blue-500 hover:bg-gray-50 transition-colors">
                        <svg class="w-4 h-4" viewBox="0 0 24 24" fill="none" stroke="currentColor" stroke-width="2"><line x1="12" y1="5" x2="12" y2="19"></line><line x1="5" y1="12" x2="19" y2="12"></line></svg>
                    </button>[36m
                    <button class="w-8 h-8 bg-white border border-gray-100 rounded-lg shadow-sm flex items-center justify-center text-gray-400 hover:text-blue-500 hover:bg-gray-50 transition-colors">[39m

c:\Users\omen\Desktop\Cognivox\[32msrc\lib\LiveRecordingPanel.svelte[39m:416:21
[33mWarn[39m: Buttons and links should either contain text or have an `aria-label`, `aria-labelledby` or `title` attribute
https://svelte.dev/e/a11y_consider_explicit_label (svelte)
[36m                    </button>
                    [35m<button class="w-8 h-8 bg-white border border-gray-100 rounded-lg shadow-sm flex items-center justify-center text-gray-400 hover:text-blue-500 hover:bg-gray-50 transition-colors">
                        <svg class="w-4 h-4" viewBox="0 0 24 24" fill="none" stroke="currentColor" stroke-width="2"><line x1="5" y1="12" x2="19" y2="12"></line></svg>
                    </button>[36m
                    <button class="w-8 h-8 bg-white border border-gray-100 rounded-lg shadow-sm flex items-center justify-center text-gray-400 hover:text-blue-500 hover:bg-gray-50 transition-colors mt-2">[39m

c:\Users\omen\Desktop\Cognivox\[32msrc\lib\LiveRecordingPanel.svelte[39m:419:21
[33mWarn[39m: Buttons and links should either contain text or have an `aria-label`, `aria-labelledby` or `title` attribute
https://svelte.dev/e/a11y_consider_explicit_label (svelte)
[36m                    </button>
                    [35m<button class="w-8 h-8 bg-white border border-gray-100 rounded-lg shadow-sm flex items-center justify-center text-gray-400 hover:text-blue-500 hover:bg-gray-50 transition-colors mt-2">
                        <svg class="w-4 h-4" viewBox="0 0 24 24" fill="none" stroke="currentColor" stroke-width="2"><path d="M3 8V5a2 2 0 0 1 2-2h3"></path><path d="M21 8V5a2 2 0 0 0-2-2h-3"></path><path d="M3 16v3a2 2 0 0 0 2 2h3"></path><path d="M21 16v3a2 2 0 0 1-2 2h-3"></path></svg>
                    </button>[36m
                </div>[39m

c:\Users\omen\Desktop\Cognivox\[32msrc\lib\LiveRecordingPanel.svelte[39m:8:16
[33mWarn[39m: Component has unused export property 'isGeminiConnected'. If it is for external reference only, please consider using `export const isGeminiConnected`
https://svelte.dev/e/export_let_unused (svelte)
[36m    export let currentVolume = 0;
    export let [35misGeminiConnected[36m = false;
    export let transcripts: Array<{[39m

c:\Users\omen\Desktop\Cognivox\[32msrc\lib\LiveRecordingPanel.svelte[39m:17:16
[33mWarn[39m: Component has unused export property 'graphNodes'. If it is for external reference only, please consider using `export const graphNodes`
https://svelte.dev/e/export_let_unused (svelte)
[36m    }> = [];
    export let [35mgraphNodes: Array<{
        id: string;
        type: string;
        label?: string;
        weight?: number;
    }>[36m = [];
    export let graphEdges: Array<{[39m

c:\Users\omen\Desktop\Cognivox\[32msrc\lib\LiveRecordingPanel.svelte[39m:23:16
[33mWarn[39m: Component has unused export property 'graphEdges'. If it is for external reference only, please consider using `export const graphEdges`
https://svelte.dev/e/export_let_unused (svelte)
[36m    }> = [];
    export let [35mgraphEdges: Array<{
        from: string;
        to: string;
        relation: string;
    }>[36m = [];[39m

c:\Users\omen\Desktop\Cognivox\[32msrc\lib\LiveRecordingPanel.svelte[39m:458:5
[33mWarn[39m: Do not use empty rulesets (css)
[36m
    [35m.live-recording-panel[36m {
        /* No extra padding needed - content fills space */[39m

c:\Users\omen\Desktop\Cognivox\[32msrc\lib\LiveRecordingPanel.svelte[39m:320:44
[31mError[39m: Property 'category' does not exist on type '{ id: string; text: string; speaker: string; timestamp: string; tone?: string | undefined; isPartial?: boolean | undefined; }'. (ts)
[36m                                <p class="text-sm leading-relaxed text-gray-800">
                                    {#if t.[35mcategory[36m === "risk"}
                                        {@html t.text.replace(/latency|risk/gi, match => `<span class="text-red-500 font-medium">${match}</span>`)}[39m

c:\Users\omen\Desktop\Cognivox\[32msrc\lib\LiveRecordingPanel.svelte[39m:322:49
[31mError[39m: Property 'category' does not exist on type '{ id: string; text: string; speaker: string; timestamp: string; tone?: string | undefined; isPartial?: boolean | undefined; }'. (ts)
[36m                                        {@html t.text.replace(/latency|risk/gi, match => `<span class="text-red-500 font-medium">${match}</span>`)}
                                    {:else if t.[35mcategory[36m === "task"}
                                        {@html t.text.replace(/task|benchmarking/gi, match => `<span class="bg-blue-50 text-blue-600 px-1 font-medium rounded">${match}</span>`)}[39m

c:\Users\omen\Desktop\Cognivox\[32msrc\lib\LiveRecordingPanel.svelte[39m:324:49
[31mError[39m: Property 'category' does not exist on type '{ id: string; text: string; speaker: string; timestamp: string; tone?: string | undefined; isPartial?: boolean | undefined; }'. (ts)
[36m                                        {@html t.text.replace(/task|benchmarking/gi, match => `<span class="bg-blue-50 text-blue-600 px-1 font-medium rounded">${match}</span>`)}
                                    {:else if t.[35mcategory[36m === "decision"}
                                        {@html t.text.replace(/decision/gi, match => `<span class="text-[10px] font-bold tracking-widest uppercase text-green-600 ml-1">${match}</span>`)}[39m

c:\Users\omen\Desktop\Cognivox\[32msrc\lib\ProjectOverview.svelte[39m:38:17
[33mWarn[39m: Buttons and links should either contain text or have an `aria-label`, `aria-labelledby` or `title` attribute
https://svelte.dev/e/a11y_consider_explicit_label (svelte)
[36m                <button class="text-[#0b66ff] font-bold text-[11px] hover:text-blue-400 transition-colors uppercase tracking-wider">UNDO</button>
                [35m<button class="text-gray-400 hover:text-white" on:click={() => showToast = false}><svg width="14" height="14" viewBox="0 0 24 24" fill="none" stroke="currentColor" stroke-width="2.5"><line x1="18" y1="6" x2="6" y2="18"></line><line x1="6" y1="6" x2="18" y2="18"></line></svg></button>[36m
            </div>[39m

c:\Users\omen\Desktop\Cognivox\[32msrc\lib\ProjectOverview.svelte[39m:171:24
[33mWarn[39m: '#' is not a valid href attribute
https://svelte.dev/e/a11y_invalid_attribute (svelte)
[36m                    <h2 class="text-[16px] font-black text-gray-900 tracking-tight">Priority Risks</h2>
                    <a [35mhref="#"[36m class="text-[11px] font-bold text-[#0b66ff] hover:underline">View All</a>
                </div>[39m

c:\Users\omen\Desktop\Cognivox\[32msrc\lib\ProjectOverview.svelte[39m:213:21
[33mWarn[39m: Buttons and links should either contain text or have an `aria-label`, `aria-labelledby` or `title` attribute
https://svelte.dev/e/a11y_consider_explicit_label (svelte)
[36m                    </button>
                    [35m<button class="bg-white border border-gray-200 text-gray-600 hover:bg-gray-50 p-1.5 rounded-lg shadow-sm">
                        <svg width="14" height="14" viewBox="0 0 24 24" fill="none" stroke="currentColor" stroke-width="2.5"><line x1="21" y1="4" x2="3" y2="4"></line><line x1="18" y1="12" x2="6" y2="12"></line><line x1="14" y1="20" x2="10" y2="20"></line></svg>
                    </button>[36m
                </div>[39m

c:\Users\omen\Desktop\Cognivox\[32msrc\lib\ProjectOverview.svelte[39m:274:41
[33mWarn[39m: Buttons and links should either contain text or have an `aria-label`, `aria-labelledby` or `title` attribute
https://svelte.dev/e/a11y_consider_explicit_label (svelte)
[36m                                    <div class="flex items-center justify-end gap-3 text-gray-400">
                                        [35m<button class="hover:text-blue-500 transition-colors"><svg width="14" height="14" viewBox="0 0 24 24" fill="none" stroke="currentColor" stroke-width="2"><path d="M12 20h9"/><path d="M16.5 3.5a2.12 2.12 0 0 1 3 3L7 19l-4 1 1-4L16.5 3.5z"/></svg></button>[36m
                                        <button class="hover:text-red-500 transition-colors"><svg width="14" height="14" viewBox="0 0 24 24" fill="none" stroke="currentColor" stroke-width="2"><polyline points="3 6 5 6 21 6"/><path d="M19 6v14a2 2 0 0 1-2 2H7a2 2 0 0 1-2-2V6m3 0V4a2 2 0 0 1 2-2h4a2 2 0 0 1 2 2v2"/></svg></button>[39m

c:\Users\omen\Desktop\Cognivox\[32msrc\lib\ProjectOverview.svelte[39m:275:41
[33mWarn[39m: Buttons and links should either contain text or have an `aria-label`, `aria-labelledby` or `title` attribute
https://svelte.dev/e/a11y_consider_explicit_label (svelte)
[36m                                        <button class="hover:text-blue-500 transition-colors"><svg width="14" height="14" viewBox="0 0 24 24" fill="none" stroke="currentColor" stroke-width="2"><path d="M12 20h9"/><path d="M16.5 3.5a2.12 2.12 0 0 1 3 3L7 19l-4 1 1-4L16.5 3.5z"/></svg></button>
                                        [35m<button class="hover:text-red-500 transition-colors"><svg width="14" height="14" viewBox="0 0 24 24" fill="none" stroke="currentColor" stroke-width="2"><polyline points="3 6 5 6 21 6"/><path d="M19 6v14a2 2 0 0 1-2 2H7a2 2 0 0 1-2-2V6m3 0V4a2 2 0 0 1 2-2h4a2 2 0 0 1 2 2v2"/></svg></button>[36m
                                    </div>[39m

c:\Users\omen\Desktop\Cognivox\[32msrc\lib\Sidebar.svelte[39m:70:17
[33mWarn[39m: Buttons and links should either contain text or have an `aria-label`, `aria-labelledby` or `title` attribute
https://svelte.dev/e/a11y_consider_explicit_label (svelte)
[36m            <div class="flex items-center gap-2">
                [35m<button class="text-gray-400 hover:text-blue-500 transition-colors">
                    <svg class="w-3.5 h-3.5" viewBox="0 0 24 24" fill="none" stroke="currentColor" stroke-width="2.5"><circle cx="11" cy="11" r="8"></circle><line x1="21" y1="21" x2="16.65" y2="16.65"></line></svg>
                </button>[36m
                <button class="text-gray-400 hover:text-blue-500 transition-colors">[39m

c:\Users\omen\Desktop\Cognivox\[32msrc\lib\Sidebar.svelte[39m:73:17
[33mWarn[39m: Buttons and links should either contain text or have an `aria-label`, `aria-labelledby` or `title` attribute
https://svelte.dev/e/a11y_consider_explicit_label (svelte)
[36m                </button>
                [35m<button class="text-gray-400 hover:text-blue-500 transition-colors">
                    <svg class="w-3.5 h-3.5" viewBox="0 0 24 24" fill="none" stroke="currentColor" stroke-width="2.5"><polygon points="22 3 2 3 10 12.46 10 19 14 21 14 12.46 22 3"></polygon></svg>
                </button>[36m
            </div>[39m

c:\Users\omen\Desktop\Cognivox\[32msrc\lib\Sidebar.svelte[39m:121:33
[33mWarn[39m: Buttons and links should either contain text or have an `aria-label`, `aria-labelledby` or `title` attribute
https://svelte.dev/e/a11y_consider_explicit_label (svelte)
[36m                                </div>
                                [35m<button class="w-6 h-6 rounded bg-gray-50 hover:bg-blue-50 text-gray-400 hover:text-blue-500 border border-gray-100 transition-colors flex items-center justify-center" onclick={() => handleSessionLoad(session)}>
                                    <svg class="w-3.5 h-3.5" viewBox="0 0 24 24" fill="none" stroke="currentColor" stroke-width="2.5"><polyline points="9 18 15 12 9 6"></polyline></svg>
                                </button>[36m
                            </div>[39m

c:\Users\omen\Desktop\Cognivox\[32msrc\lib\Sidebar.svelte[39m:164:13
[33mWarn[39m: Visible, non-interactive elements with a click event must be accompanied by a keyboard event handler. Consider whether an interactive element such as `<button type="button">` or `<a>` might be more appropriate
https://svelte.dev/e/a11y_click_events_have_key_events (svelte)
[36m            />
            [35m<div class="absolute bottom-2 right-2 p-1.5 bg-white/80 backdrop-blur rounded-lg border border-slate-100 opacity-0 group-hover:opacity-100 transition-opacity cursor-pointer shadow-sm hover:scale-110 active:scale-95 duration-300" onclick={() => handleTabChange("graph")}>
                 <svg xmlns="http://www.w3.org/2000/svg" width="5" height="5" viewBox="0 0 24 24" fill="none" stroke="currentColor" stroke-width="2.5"><path d="M15 3h6v6"/><path d="M9 21H3v-6"/><path d="M21 3l-7 7"/><path d="M3 21l7-7"/></svg>
            </div>[36m
        </div>[39m

c:\Users\omen\Desktop\Cognivox\[32msrc\lib\Sidebar.svelte[39m:164:13
[33mWarn[39m: `<div>` with a click handler must have an ARIA role
https://svelte.dev/e/a11y_no_static_element_interactions (svelte)
[36m            />
            [35m<div class="absolute bottom-2 right-2 p-1.5 bg-white/80 backdrop-blur rounded-lg border border-slate-100 opacity-0 group-hover:opacity-100 transition-opacity cursor-pointer shadow-sm hover:scale-110 active:scale-95 duration-300" onclick={() => handleTabChange("graph")}>
                 <svg xmlns="http://www.w3.org/2000/svg" width="5" height="5" viewBox="0 0 24 24" fill="none" stroke="currentColor" stroke-width="2.5"><path d="M15 3h6v6"/><path d="M9 21H3v-6"/><path d="M21 3l-7 7"/><path d="M3 21l7-7"/></svg>
            </div>[36m
        </div>[39m

c:\Users\omen\Desktop\Cognivox\[32msrc\lib\StatusBar.svelte[39m:10:16
[33mWarn[39m: Component has unused export property 'activeKeyName'. If it is for external reference only, please consider using `export const activeKeyName`
https://svelte.dev/e/export_let_unused (svelte)
[36m    export let apiKeyCount = 0;
    export let [35mactiveKeyName[36m = "";
    export let activeKeyIndex = 1;[39m

c:\Users\omen\Desktop\Cognivox\[32msrc\lib\TranscriptView.svelte[39m:103:13
[33mWarn[39m: Buttons and links should either contain text or have an `aria-label`, `aria-labelledby` or `title` attribute
https://svelte.dev/e/a11y_consider_explicit_label (svelte)
[36m            
            [35m<button class="bg-[#0b0f19]/80 backdrop-blur-md p-2 rounded-lg border border-gray-800 text-gray-400 hover:text-white transition-colors pointer-events-auto">
                <svg class="w-4 h-4" viewBox="0 0 24 24" fill="none" stroke="currentColor" stroke-width="2"><path d="M15 3h6v6M9 21H3v-6M21 3l-7 7M3 21l7-7"/></svg>
            </button>[36m
        </div>[39m

c:\Users\omen\Desktop\Cognivox\[32msrc\lib\TranscriptView.svelte[39m:10:16
[33mWarn[39m: Component has unused export property 'isCollapsed'. If it is for external reference only, please consider using `export const isCollapsed`
https://svelte.dev/e/export_let_unused (svelte)
[36m    export let graphEdges: GraphEdge[] = [];
    export let [35misCollapsed[36m = false;
    export let debugMode = false;[39m

c:\Users\omen\Desktop\Cognivox\[32msrc\lib\TranscriptView.svelte[39m:11:16
[33mWarn[39m: Component has unused export property 'debugMode'. If it is for external reference only, please consider using `export const debugMode`
https://svelte.dev/e/export_let_unused (svelte)
[36m    export let isCollapsed = false;
    export let [35mdebugMode[36m = false;
    export let debugEventCount = 0;[39m

c:\Users\omen\Desktop\Cognivox\[32msrc\lib\TranscriptView.svelte[39m:12:16
[33mWarn[39m: Component has unused export property 'debugEventCount'. If it is for external reference only, please consider using `export const debugEventCount`
https://svelte.dev/e/export_let_unused (svelte)
[36m    export let debugMode = false;
    export let [35mdebugEventCount[36m = 0;
    export let debugLastEvent = "";[39m

c:\Users\omen\Desktop\Cognivox\[32msrc\lib\TranscriptView.svelte[39m:13:16
[33mWarn[39m: Component has unused export property 'debugLastEvent'. If it is for external reference only, please consider using `export const debugLastEvent`
https://svelte.dev/e/export_let_unused (svelte)
[36m    export let debugEventCount = 0;
    export let [35mdebugLastEvent[36m = "";
    export let debugLastTranscript = "";[39m

c:\Users\omen\Desktop\Cognivox\[32msrc\lib\TranscriptView.svelte[39m:14:16
[33mWarn[39m: Component has unused export property 'debugLastTranscript'. If it is for external reference only, please consider using `export const debugLastTranscript`
https://svelte.dev/e/export_let_unused (svelte)
[36m    export let debugLastEvent = "";
    export let [35mdebugLastTranscript[36m = "";[39m

c:\Users\omen\Desktop\Cognivox\[32msrc\lib\TranscriptView.svelte[39m:131:73
[31mError[39m: Property 'source' does not exist on type 'GraphEdge'. (ts)
[36m                {#each graphEdges as edge}
                    {@const source = graphNodes.find(n => n.id === edge.[35msource[36m)}
                    {@const target = graphNodes.find(n => n.id === edge.target)}[39m

c:\Users\omen\Desktop\Cognivox\[32msrc\lib\TranscriptView.svelte[39m:132:73
[31mError[39m: Property 'target' does not exist on type 'GraphEdge'. (ts)
[36m                    {@const source = graphNodes.find(n => n.id === edge.source)}
                    {@const target = graphNodes.find(n => n.id === edge.[35mtarget[36m)}
                    {#if source && target}[39m

c:\Users\omen\Desktop\Cognivox\[32msrc\lib\TranscriptView.svelte[39m:136:40
[31mError[39m: Property 'x' does not exist on type 'GraphNode'. (ts)
[36m                        <line 
                            x1={source.[35mx[36m || 0} y1={source.y || 0}
                            x2={target.x || 0} y2={target.y || 0}[39m

c:\Users\omen\Desktop\Cognivox\[32msrc\lib\TranscriptView.svelte[39m:136:59
[31mError[39m: Property 'y' does not exist on type 'GraphNode'. (ts)
[36m                        <line 
                            x1={source.x || 0} y1={source.[35my[36m || 0}
                            x2={target.x || 0} y2={target.y || 0}[39m

c:\Users\omen\Desktop\Cognivox\[32msrc\lib\TranscriptView.svelte[39m:137:40
[31mError[39m: Property 'x' does not exist on type 'GraphNode'. (ts)
[36m                            x1={source.x || 0} y1={source.y || 0}
                            x2={target.[35mx[36m || 0} y2={target.y || 0}
                            stroke="transparent" stroke-width="20"[39m

c:\Users\omen\Desktop\Cognivox\[32msrc\lib\TranscriptView.svelte[39m:137:59
[31mError[39m: Property 'y' does not exist on type 'GraphNode'. (ts)
[36m                            x1={source.x || 0} y1={source.y || 0}
                            x2={target.x || 0} y2={target.[35my[36m || 0}
                            stroke="transparent" stroke-width="20"[39m

c:\Users\omen\Desktop\Cognivox\[32msrc\lib\TranscriptView.svelte[39m:142:40
[31mError[39m: Property 'x' does not exist on type 'GraphNode'. (ts)
[36m                        <line 
                            x1={source.[35mx[36m || 0} y1={source.y || 0}
                            x2={target.x || 0} y2={target.y || 0}[39m

c:\Users\omen\Desktop\Cognivox\[32msrc\lib\TranscriptView.svelte[39m:142:59
[31mError[39m: Property 'y' does not exist on type 'GraphNode'. (ts)
[36m                        <line 
                            x1={source.x || 0} y1={source.[35my[36m || 0}
                            x2={target.x || 0} y2={target.y || 0}[39m

c:\Users\omen\Desktop\Cognivox\[32msrc\lib\TranscriptView.svelte[39m:143:40
[31mError[39m: Property 'x' does not exist on type 'GraphNode'. (ts)
[36m                            x1={source.x || 0} y1={source.y || 0}
                            x2={target.[35mx[36m || 0} y2={target.y || 0}
                            stroke="#334155" stroke-width="1.5"[39m

c:\Users\omen\Desktop\Cognivox\[32msrc\lib\TranscriptView.svelte[39m:143:59
[31mError[39m: Property 'y' does not exist on type 'GraphNode'. (ts)
[36m                            x1={source.x || 0} y1={source.y || 0}
                            x2={target.x || 0} y2={target.[35my[36m || 0}
                            stroke="#334155" stroke-width="1.5"[39m

c:\Users\omen\Desktop\Cognivox\[32msrc\lib\TranscriptView.svelte[39m:153:49
[31mError[39m: Property 'x' does not exist on type 'GraphNode'. (ts)
[36m                                repeatCount="indefinite" 
                                path="M {source.[35mx[36m || 0},{source.y || 0} L {target.x || 0},{target.y || 0}" 
                            />[39m

c:\Users\omen\Desktop\Cognivox\[32msrc\lib\TranscriptView.svelte[39m:153:65
[31mError[39m: Property 'y' does not exist on type 'GraphNode'. (ts)
[36m                                repeatCount="indefinite" 
                                path="M {source.x || 0},{source.[35my[36m || 0} L {target.x || 0},{target.y || 0}" 
                            />[39m

c:\Users\omen\Desktop\Cognivox\[32msrc\lib\TranscriptView.svelte[39m:153:83
[31mError[39m: Property 'x' does not exist on type 'GraphNode'. (ts)
[36m                                repeatCount="indefinite" 
                                path="M {source.x || 0},{source.y || 0} L {target.[35mx[36m || 0},{target.y || 0}" 
                            />[39m

c:\Users\omen\Desktop\Cognivox\[32msrc\lib\TranscriptView.svelte[39m:153:99
[31mError[39m: Property 'y' does not exist on type 'GraphNode'. (ts)
[36m                                repeatCount="indefinite" 
                                path="M {source.x || 0},{source.y || 0} L {target.x || 0},{target.[35my[36m || 0}" 
                            />[39m

c:\Users\omen\Desktop\Cognivox\[32msrc\lib\TranscriptView.svelte[39m:162:38
[31mError[39m: 'node.label' is possibly 'undefined'. (ts)
[36m                    <!-- Dynamic coloring based on label class -->
                    {@const isRoot = [35mnode.label[36m.toLowerCase() === 'you' || node.label.toLowerCase() === 'system'}
                    {@const isEntity = !isRoot && node.label.length < 15}[39m

c:\Users\omen\Desktop\Cognivox\[32msrc\lib\TranscriptView.svelte[39m:162:76
[31mError[39m: 'node.label' is possibly 'undefined'. (ts)
[36m                    <!-- Dynamic coloring based on label class -->
                    {@const isRoot = node.label.toLowerCase() === 'you' || [35mnode.label[36m.toLowerCase() === 'system'}
                    {@const isEntity = !isRoot && node.label.length < 15}[39m

c:\Users\omen\Desktop\Cognivox\[32msrc\lib\TranscriptView.svelte[39m:163:51
[31mError[39m: 'node.label' is possibly 'undefined'. (ts)
[36m                    {@const isRoot = node.label.toLowerCase() === 'you' || node.label.toLowerCase() === 'system'}
                    {@const isEntity = !isRoot && [35mnode.label[36m.length < 15}[39m

c:\Users\omen\Desktop\Cognivox\[32msrc\lib\TranscriptView.svelte[39m:165:51
[31mError[39m: Property 'x' does not exist on type 'GraphNode'. (ts)
[36m                    
                    <g transform="translate({node.[35mx[36m || 0}, {node.y || 0})" class="group cursor-pointer">
                        <!-- Connecting pulsing aura -->[39m

c:\Users\omen\Desktop\Cognivox\[32msrc\lib\TranscriptView.svelte[39m:165:66
[31mError[39m: Property 'y' does not exist on type 'GraphNode'. (ts)
[36m                    
                    <g transform="translate({node.x || 0}, {node.[35my[36m || 0})" class="group cursor-pointer">
                        <!-- Connecting pulsing aura -->[39m

c:\Users\omen\Desktop\Cognivox\[32msrc\routes\+page.svelte[39m:1575:9
[33mWarn[39m: Visible, non-interactive elements with a click event must be accompanied by a keyboard event handler. Consider whether an interactive element such as `<button type="button">` or `<a>` might be more appropriate
https://svelte.dev/e/a11y_click_events_have_key_events (svelte)
[36m    {#if isSidebarOpen}
        [35m<div 
            class="fixed inset-0 bg-slate-900/20 backdrop-blur-sm z-40 lg:hidden animate-fadeIn"
            onclick={() => (isSidebarOpen = false)}
        ></div>[36m
    {/if}[39m

c:\Users\omen\Desktop\Cognivox\[32msrc\routes\+page.svelte[39m:1575:9
[33mWarn[39m: `<div>` with a click handler must have an ARIA role
https://svelte.dev/e/a11y_no_static_element_interactions (svelte)
[36m    {#if isSidebarOpen}
        [35m<div 
            class="fixed inset-0 bg-slate-900/20 backdrop-blur-sm z-40 lg:hidden animate-fadeIn"
            onclick={() => (isSidebarOpen = false)}
        ></div>[36m
    {/if}[39m

c:\Users\omen\Desktop\Cognivox\[32msrc\routes\+page.svelte[39m:1532:5
[31mError[39m: Object literal may only specify known properties, and '"onopenSettings"' does not exist in type '{ isRecording?: boolean | undefined; currentVolume?: number | undefined; isGeminiConnected?: boolean | undefined; }'. (ts)
[36m    {isGeminiConnected}
    [35monopenSettings[36m={openSettings}
/>[39m

c:\Users\omen\Desktop\Cognivox\[32msrc\routes\+page.svelte[39m:1538:5
[31mError[39m: Object literal may only specify known properties, and '"onclose"' does not exist in type '{ isOpen?: boolean | undefined; }'. (ts)
[36m    isOpen={showSettingsModal}
    [35monclose[36m={closeSettings}
    onsave={(e) => {[39m

c:\Users\omen\Desktop\Cognivox\[32msrc\routes\+page.svelte[39m:1539:14
[31mError[39m: Parameter 'e' implicitly has an 'any' type. (ts)
[36m    onclose={closeSettings}
    onsave={([35me[36m) => {
        selectedModel = e.detail.selectedModel;[39m

c:\Users\omen\Desktop\Cognivox\[32msrc\routes\+page.svelte[39m:1544:19
[31mError[39m: Parameter 'e' implicitly has an 'any' type. (ts)
[36m    }}
    onconnected={([35me[36m) => {
        isGeminiConnected = true;[39m

c:\Users\omen\Desktop\Cognivox\[32msrc\routes\+page.svelte[39m:1562:5
[31mError[39m: Object literal may only specify known properties, and '"onopenSettings"' does not exist in type '{ isGeminiConnected?: boolean | undefined; isRecording?: boolean | undefined; apiKeyCount?: number | undefined; activeKeyName?: string | undefined; activeKeyIndex?: number | undefined; isRateLimited?: boolean | undefined; lastRequestTime?: string | ... 1 more ... | undefined; debugMode?: boolean | undefined; request...'. (ts)
[36m    requestCount={keyState.totalCalls}
    [35monopenSettings[36m={openSettings}
/>[39m

c:\Users\omen\Desktop\Cognivox\[32msrc\routes\+page.svelte[39m:1590:13
[31mError[39m: Object literal may only specify known properties, and '"onsessionLoad"' does not exist in type '{ pastSessions?: any[] | undefined; currentSession?: any; graphNodes?: GraphNode[] | undefined; graphEdges?: GraphEdge[] | undefined; activeTab?: string | undefined; speakerIdInitialized?: boolean | undefined; }'. (ts)
[36m            {speakerIdInitialized}
            [35monsessionLoad[36m={(e) => {
                handleSessionLoad(e.detail);[39m

c:\Users\omen\Desktop\Cognivox\[32msrc\routes\+page.svelte[39m:1590:29
[31mError[39m: Parameter 'e' implicitly has an 'any' type. (ts)
[36m            {speakerIdInitialized}
            onsessionLoad={([35me[36m) => {
                handleSessionLoad(e.detail);[39m

c:\Users\omen\Desktop\Cognivox\[32msrc\routes\+page.svelte[39m:1594:31
[31mError[39m: Parameter 'e' implicitly has an 'any' type. (ts)
[36m            }}
            onsessionDelete={([35me[36m) =>
                handleSessionDelete(e.detail.sessionId, e.detail.event)}[39m

c:\Users\omen\Desktop\Cognivox\[32msrc\routes\+page.svelte[39m:1597:27
[31mError[39m: Parameter 'e' implicitly has an 'any' type. (ts)
[36m            onrefreshSessions={refreshSessionList}
            ontabChange={([35me[36m) => {
                activeTab = e.detail;[39m

c:\Users\omen\Desktop\Cognivox\[32msrc\routes\+page.svelte[39m:1617:13
[31mError[39m: Object literal may only specify known properties, and '"onopenSettings"' does not exist in type '{ status?: string | undefined; isRecording?: boolean | undefined; isProcessing?: boolean | undefined; isGeminiConnected?: boolean | undefined; keyState: KeyManagerState; forceNewSession?: boolean | undefined; hasExistingSession?: boolean | undefined; isSidebarOpen?: boolean | undefined; }'. (ts)
[36m            hasExistingSession={!!currentSession && transcripts.length > 0}
            [35monopenSettings[36m={openSettings}
            ontoggleCapture={toggleCapture}[39m

c:\Users\omen\Desktop\Cognivox\[32msrc\routes\+page.svelte[39m:1666:21
[31mError[39m: Object literal may only specify known properties, and '"ondismiss"' does not exist in type '{ isProcessing?: boolean | undefined; currentStep?: number | undefined; error?: string | null | undefined; }'. (ts)
[36m                    error={processingError}
                    [35mondismiss[36m={dismissProcessing}
                    onretry={retryProcessing}[39m

c:\Users\omen\Desktop\Cognivox\[32msrc\routes\+page.svelte[39m:1704:71
[31mError[39m: Type '"search"' is not assignable to type '"tasks" | "speakers" | "transcript" | "settings" | "graph" | "analytics" | "alerts" | "diagnostics"'. (ts)
[36m                            bind:value={searchQuery}
                            onkeydown={(e) => { if(e.key === 'Enter') [35mactiveTab[36m = 'search'; }}
                            class="search-input"[39m

c:\Users\omen\Desktop\Cognivox\[32msrc\routes\+page.svelte[39m:1729:25
[31mError[39m: Object literal may only specify known properties, and '"onclose"' does not exist in type '{ show?: boolean | undefined; extractedSummary?: ExtractedSummary | null | undefined; }'. (ts)
[36m                        {extractedSummary}
                        [35monclose[36m={closeSummaryPanel}
                    />[39m

c:\Users\omen\Desktop\Cognivox\[32msrc\routes\+page.svelte[39m:1734:25
[31mError[39m: Object literal may only specify known properties, and '"onclose"' does not exist in type '{ show?: boolean | undefined; extractedMemories?: ExtractedMemoriesData | null | undefined; }'. (ts)
[36m                        {extractedMemories}
                        [35monclose[36m={closeMemoriesPanel}
                    />[39m

c:\Users\omen\Desktop\Cognivox\[32msrc\routes\+page.svelte[39m:1743:25
[31mError[39m: Object literal may only specify known properties, and '"ongenerateGraph"' does not exist in type '{ graphNodes?: GraphNode[] | undefined; graphEdges?: GraphEdge[] | undefined; transcripts?: Transcript[] | undefined; isGenerating?: boolean | undefined; searchQuery?: string | undefined; }'. (ts)
[36m                        isGenerating={isGeneratingGraph}
                        [35mongenerateGraph[36m={handleGenerateGraph}
                        onclearGraph={handleClearGraph}[39m

c:\Users\omen\Desktop\Cognivox\[32msrc\routes\+page.svelte[39m:1748:41
[31mError[39m: Object literal may only specify known properties, and '"onclearAlerts"' does not exist in type '{ alerts?: Alert[] | undefined; }'. (ts)
[36m                {:else if activeTab === "alerts"}
                    <AlertsTab {alerts} [35monclearAlerts[36m={() => (alerts = [])} />
                {:else if activeTab === "analytics"}[39m

c:\Users\omen\Desktop\Cognivox\[32msrc\routes\+page.svelte[39m:1766:25
[31mError[39m: Object literal may only specify known properties, and '"onconnectGemini"' does not exist in type '{ selectedModel?: string | undefined; availableModels?: ModelOption[] | undefined; apiKey?: string | undefined; isGeminiConnected?: boolean | undefined; captureMode?: string | undefined; currentVolume?: number | undefined; isRecording?: boolean | undefined; }'. (ts)
[36m                        {isRecording}
                        [35monconnectGemini[36m={connectGemini}
                        onsetCaptureMode={(e) => setCaptureMode(e.detail)}[39m

c:\Users\omen\Desktop\Cognivox\[32msrc\routes\+page.svelte[39m:1767:44
[31mError[39m: Parameter 'e' implicitly has an 'any' type. (ts)
[36m                        onconnectGemini={connectGemini}
                        onsetCaptureMode={([35me[36m) => setCaptureMode(e.detail)}
                        onsettingsChange={(e) =>[39m

c:\Users\omen\Desktop\Cognivox\[32msrc\routes\+page.svelte[39m:1768:44
[31mError[39m: Parameter 'e' implicitly has an 'any' type. (ts)
[36m                        onsetCaptureMode={(e) => setCaptureMode(e.detail)}
                        onsettingsChange={([35me[36m) =>
                            handleSettingsChange(e.detail)}[39m

c:\Users\omen\Desktop\Cognivox\[32msrc\routes\+page.svelte[39m:1779:25
[31mError[39m: Object literal may only specify known properties, and '"oninitializeSpeakerId"' does not exist in type '{ speakerIdInitialized?: boolean | undefined; speakerIdStatus?: SpeakerIdStatus | null | undefined; speakerProfiles?: SpeakerProfile[] | undefined; lastIdentifiedSpeaker?: IdentifiedSpeaker | ... 1 more ... | undefined; }'. (ts)
[36m                        {lastIdentifiedSpeaker}
                        [35moninitializeSpeakerId[36m={initializeSpeakerId}
                        onclearSpeakerProfiles={clearSpeakerProfiles}[39m

c:\Users\omen\Desktop\Cognivox\[32msrc\routes\+page.svelte[39m:1781:43
[31mError[39m: Parameter 'e' implicitly has an 'any' type. (ts)
[36m                        onclearSpeakerProfiles={clearSpeakerProfiles}
                        onrenameSpeaker={([35me[36m) =>
                            renameSpeaker([39m

c:\Users\omen\Desktop\Cognivox\[32msrc\routes\+page.svelte[39m:1810:13
[31mError[39m: Object literal may only specify known properties, and '"ontoggleCollapse"' does not exist in type '{ extractError?: string | null | undefined; isCollapsed?: boolean | undefined; transcripts?: Transcript[] | undefined; showMemoriesPanel?: boolean | undefined; showSummaryPanel?: boolean | undefined; isExtractingMemories?: boolean | undefined; isExtractingSummary?: boolean | undefined; }'. (ts)
[36m            {isExtractingSummary}
            [35montoggleCollapse[36m={toggleCollapseState}
            onextractMemories={extractMemories}[39m

====================================
[31msvelte-check found 44 errors and 41 warnings in 10 files
[39m
