
> cognivox@0.1.0 check
> svelte-kit sync && svelte-check --tsconfig ./tsconfig.json --output human

c:\Users\omen\Desktop\Cognivox\cognivox\[32msrc\lib\CognivoxControls.svelte[39m:67:13
[31mError[39m: Cannot find name 'onSettingsChange'. Did you mean 'onsettingsChange'? (ts)

c:\Users\omen\Desktop\Cognivox\cognivox\[32msrc\lib\CognivoxControls.svelte[39m:67:31
[31mError[39m: Cannot find name 'onSettingsChange'. Did you mean 'onsettingsChange'? (ts)

c:\Users\omen\Desktop\Cognivox\cognivox\[32msrc\lib\RAGFlowChat.svelte[39m:14:14
[31mError[39m: Module '"@tauri-apps/plugin-opener"' has no exported member 'open'. (ts)

c:\Users\omen\Desktop\Cognivox\cognivox\[32msrc\lib\RAGFlowChat.svelte[39m:199:14
[31mError[39m: Cannot find name 'input'. Did you mean 'oninput'? (ts)

c:\Users\omen\Desktop\Cognivox\cognivox\[32msrc\lib\RAGFlowChat.svelte[39m:201:22
[31mError[39m: Cannot find name 'input'. Did you mean 'oninput'? (ts)

c:\Users\omen\Desktop\Cognivox\cognivox\[32msrc\lib\RAGFlowChat.svelte[39m:231:13
[31mError[39m: Cannot find name 'input'. Did you mean 'oninput'? (ts)

c:\Users\omen\Desktop\Cognivox\cognivox\[32msrc\lib\KnowledgeGraph.svelte[39m:801:13
[33mWarn[39m: noninteractive element cannot have nonnegative tabIndex value
https://svelte.dev/e/a11y_no_noninteractive_tabindex (svelte)

c:\Users\omen\Desktop\Cognivox\cognivox\[32msrc\lib\KnowledgeGraph.svelte[39m:801:13
[33mWarn[39m: Non-interactive element `<svg>` should not be assigned mouse or keyboard event listeners
https://svelte.dev/e/a11y_no_noninteractive_element_interactions (svelte)

c:\Users\omen\Desktop\Cognivox\cognivox\[32msrc\lib\KnowledgeGraph.svelte[39m:1343:9
[33mWarn[39m: noninteractive element cannot have nonnegative tabIndex value
https://svelte.dev/e/a11y_no_noninteractive_tabindex (svelte)

c:\Users\omen\Desktop\Cognivox\cognivox\[32msrc\lib\KnowledgeGraph.svelte[39m:1343:9
[33mWarn[39m: Non-interactive element `<svg>` should not be assigned mouse or keyboard event listeners
https://svelte.dev/e/a11y_no_noninteractive_element_interactions (svelte)

c:\Users\omen\Desktop\Cognivox\cognivox\[32msrc\lib\CourseInterface.svelte[39m:225:21
[31mError[39m: Type '(d: { nodeId: string; }) => void' is not assignable to type '(id: string) => void'.
  Types of parameters 'd' and 'id' are incompatible.
    Type 'string' is not assignable to type '{ nodeId: string; }'. (ts)

c:\Users\omen\Desktop\Cognivox\cognivox\[32msrc\lib\InsightsPanel.svelte[39m:87:37
[33mWarn[39m: Buttons and links should either contain text or have an `aria-label`, `aria-labelledby` or `title` attribute
https://svelte.dev/e/a11y_consider_explicit_label (svelte)

c:\Users\omen\Desktop\Cognivox\cognivox\[32msrc\lib\SearchTab.svelte[39m:22:24
[33mWarn[39m: This reference only captures the initial value of `initialQuery`. Did you mean to reference it inside a closure instead?
https://svelte.dev/e/state_referenced_locally (svelte)

c:\Users\omen\Desktop\Cognivox\cognivox\[32msrc\lib\SettingsModal.svelte[39m:902:49
[33mWarn[39m: Buttons and links should either contain text or have an `aria-label`, `aria-labelledby` or `title` attribute
https://svelte.dev/e/a11y_consider_explicit_label (svelte)

c:\Users\omen\Desktop\Cognivox\cognivox\[32msrc\lib\SettingsModal.svelte[39m:1019:29
[33mWarn[39m: A form label must be associated with a control
https://svelte.dev/e/a11y_label_has_associated_control (svelte)

c:\Users\omen\Desktop\Cognivox\cognivox\[32msrc\lib\SettingsModal.svelte[39m:1023:29
[33mWarn[39m: A form label must be associated with a control
https://svelte.dev/e/a11y_label_has_associated_control (svelte)

c:\Users\omen\Desktop\Cognivox\cognivox\[32msrc\lib\SettingsModal.svelte[39m:1027:29
[33mWarn[39m: A form label must be associated with a control
https://svelte.dev/e/a11y_label_has_associated_control (svelte)

c:\Users\omen\Desktop\Cognivox\cognivox\[32msrc\lib\SettingsModal.svelte[39m:1042:29
[33mWarn[39m: A form label must be associated with a control
https://svelte.dev/e/a11y_label_has_associated_control (svelte)

c:\Users\omen\Desktop\Cognivox\cognivox\[32msrc\lib\SettingsModal.svelte[39m:1049:29
[33mWarn[39m: A form label must be associated with a control
https://svelte.dev/e/a11y_label_has_associated_control (svelte)

c:\Users\omen\Desktop\Cognivox\cognivox\[32msrc\lib\SettingsModal.svelte[39m:1053:29
[33mWarn[39m: A form label must be associated with a control
https://svelte.dev/e/a11y_label_has_associated_control (svelte)

====================================
[31msvelte-check found 7 errors and 13 warnings in 7 files
[39m
